// Jest Snapshot v1, https://goo.gl/fbAQLP

exports[`should render component 1`] = `
<nav
  className="navigation"
>
  <ul
    className="navigation__list"
  >
    <li
      className="navigation__item"
    >
      <NavLink
        activeClassName="active-link"
        ariaCurrent="true"
        className="navigation__link"
        exact={true}
        to="/"
      >
        Home
      </NavLink>
    </li>
    <li
      className="navigation__item"
    >
      <NavLink
        activeClassName="active-link"
        ariaCurrent="true"
        className="navigation__link"
        to="/create"
      >
        Create
      </NavLink>
    </li>
    <li
      className="navigation__item"
    >
      <button
        onClick={[Function]}
      >
         Logout 
      </button>
    </li>
  </ul>
</nav>
`;
